// Jest Snapshot v1, https://goo.gl/fbAQLP

exports[`Formatting Module should format correctly with image data added 1`] = `
Array [
  "<?xml version=\\"1.0\\" encoding=\\"UTF-8\\"?><urlset xmlns=\\"http://www.sitemaps.org/schemas/sitemap/0.9\\" xmlns:image=\\"http://www.google.com/schemas/sitemap-image/1.1\\" xmlns:video=\\"http://www.google.com/schemas/sitemap-video/1.1\\"><url><loc>http://example.com/sample.html</loc><image:image><image:loc>http://example.com/image.jpg</image:loc><image:caption>an image</image:caption><image:geo_location>Earth, Milkyway</image:geo_location><image:title>Example</image:title><image:license>MIT</image:license></image:image><image:image><image:loc>http://example.com/photo.jpg</image:loc></image:image></url></urlset>",
]
`;

exports[`Formatting Module should format correctly with less data than the maxItemsPerSitemap threshold 1`] = `
Array [
  "<?xml version=\\"1.0\\" encoding=\\"UTF-8\\"?><urlset xmlns=\\"http://www.sitemaps.org/schemas/sitemap/0.9\\" xmlns:image=\\"http://www.google.com/schemas/sitemap-image/1.1\\" xmlns:video=\\"http://www.google.com/schemas/sitemap-video/1.1\\"><url><loc>http://foo.bar</loc><lastmod>2009-11-05T11:20:30.000Z</lastmod><priority>0.5</priority><changefreq>never</changefreq></url></urlset>",
]
`;

exports[`Formatting Module should format correctly with more data than the maxItemsPerSitemap threshold 1`] = `
Array [
  "<?xml version=\\"1.0\\" encoding=\\"UTF-8\\"?><sitemapindex xmlns=\\"http://www.sitemaps.org/schemas/sitemap/0.9\\"><sitemap><loc>https://foo.bar/sitemaps/sitemap-2.xml</loc></sitemap><sitemap><loc>https://foo.bar/sitemaps/sitemap-1.xml</loc></sitemap></sitemapindex>",
  "<?xml version=\\"1.0\\" encoding=\\"UTF-8\\"?><urlset xmlns=\\"http://www.sitemaps.org/schemas/sitemap/0.9\\" xmlns:image=\\"http://www.google.com/schemas/sitemap-image/1.1\\" xmlns:video=\\"http://www.google.com/schemas/sitemap-video/1.1\\"><url><loc>http://foo.bar/1</loc></url><url><loc>http://foo.bar/2</loc></url></urlset>",
  "<?xml version=\\"1.0\\" encoding=\\"UTF-8\\"?><urlset xmlns=\\"http://www.sitemaps.org/schemas/sitemap/0.9\\" xmlns:image=\\"http://www.google.com/schemas/sitemap-image/1.1\\" xmlns:video=\\"http://www.google.com/schemas/sitemap-video/1.1\\"><url><loc>http://foo.bar/3</loc></url><url><loc>http://foo.bar/4</loc></url></urlset>",
]
`;

exports[`Formatting Module should format correctly with video data added 1`] = `
Array [
  "<?xml version=\\"1.0\\" encoding=\\"UTF-8\\"?><urlset xmlns=\\"http://www.sitemaps.org/schemas/sitemap/0.9\\" xmlns:image=\\"http://www.google.com/schemas/sitemap-image/1.1\\" xmlns:video=\\"http://www.google.com/schemas/sitemap-video/1.1\\"><url><loc>http://www.example.com/videos/some_video_landing_page.html</loc><video:video><video:thumbnail_loc>http://www.example.com/thumbs/123.jpg</video:thumbnail_loc><video:title>Grilling steaks for summer</video:title><video:description>Alkis shows you how to get perfectly done steaks every time</video:description><video:content_loc>http://www.example.com/video123.mp4</video:content_loc><video:player_loc>http://www.example.com/videoplayer.mp4?video=123</video:player_loc><video:duration>600</video:duration><video:expiration_date>2009-11-05T11:20:30.000Z</video:expiration_date><video:rating>4.2</video:rating><video:view_count>12345</video:view_count><video:publication_date>2007-11-05T11:20:30.000Z</video:publication_date><video:family_friendly>yes</video:family_friendly><video:tag>This</video:tag><video:tag>is</video:tag><video:tag>a</video:tag><video:tag>tag</video:tag><video:restriction relationship=\\"deny\\">GB US</video:restriction><video:gallery_loc>http://bpaul.us</video:gallery_loc><video:price currency=\\"EUR\\">1</video:price><video:price currency=\\"USD\\">2</video:price><video:uploader>Mr Mister</video:uploader><video:requires_subscription>yes</video:requires_subscription><video:live>no</video:live><video:platform relationship=\\"deny\\">tv</video:platform></video:video></url></urlset>",
]
`;

exports[`NewsSiteMapFormatter should format correctly 1`] = `
Array [
  "<?xml version=\\"1.0\\" encoding=\\"UTF-8\\"?><urlset xmlns=\\"http://www.sitemaps.org/schemas/sitemap/0.9\\" xmlns:news=\\"http://www.google.com/schemas/sitemap-news/0.9\\"><url><loc>http://www.example.org/business/article55.html</loc><news:news><news:publication><news:name>The Example Times</news:name><news:language>en</news:language></news:publication><news:genres>PressRelease, Blog</news:genres><news:publication_date>2009-11-05T11:20:30.000Z</news:publication_date><news:title>Companies A, B in Merger Talks</news:title><news:keywords>business, merger, acquisition, A, B</news:keywords><news:stock_tickers>NASDAQ:A, NASDAQ:B</news:stock_tickers></news:news></url></urlset>",
]
`;

exports[`NewsSiteMapFormatter should format correctly with more data than the maxItemsPerSitemap threshold 1`] = `
Array [
  "<?xml version=\\"1.0\\" encoding=\\"UTF-8\\"?><sitemapindex xmlns=\\"http://www.sitemaps.org/schemas/sitemap/0.9\\"><sitemap><loc>https://foo.bar/sitemaps/sitemap-2.xml</loc></sitemap><sitemap><loc>https://foo.bar/sitemaps/sitemap-1.xml</loc></sitemap></sitemapindex>",
  "<?xml version=\\"1.0\\" encoding=\\"UTF-8\\"?><urlset xmlns=\\"http://www.sitemaps.org/schemas/sitemap/0.9\\" xmlns:news=\\"http://www.google.com/schemas/sitemap-news/0.9\\"><url><loc>http://foo.bar/1</loc><news:news><news:publication><news:name>The Example Times</news:name><news:language>en</news:language></news:publication><news:title>Test</news:title></news:news></url><url><loc>http://foo.bar/2</loc><news:news><news:publication><news:name>The Example Times</news:name><news:language>en</news:language></news:publication><news:title>Test</news:title></news:news></url></urlset>",
  "<?xml version=\\"1.0\\" encoding=\\"UTF-8\\"?><urlset xmlns=\\"http://www.sitemaps.org/schemas/sitemap/0.9\\" xmlns:news=\\"http://www.google.com/schemas/sitemap-news/0.9\\"><url><loc>http://foo.bar/3</loc><news:news><news:publication><news:name>The Example Times</news:name><news:language>en</news:language></news:publication><news:title>Test</news:title></news:news></url><url><loc>http://foo.bar/4</loc><news:news><news:publication><news:name>The Example Times</news:name><news:language>en</news:language></news:publication><news:title>Test</news:title></news:news></url></urlset>",
]
`;
