// Jest Snapshot v1, https://goo.gl/fbAQLP

exports[`SitemapGenerator module should run without errors 1`] = `"<?xml version=\\"1.0\\" encoding=\\"UTF-8\\"?><sitemapindex xmlns=\\"http://www.sitemaps.org/schemas/sitemap/0.9\\"><sitemap><loc>https://foo.bar/sitemap-2.xml</loc></sitemap><sitemap><loc>https://foo.bar/sitemap-1.xml</loc></sitemap><sitemap><loc>https://foo.bar/sitemap-0.xml</loc></sitemap></sitemapindex>"`;

exports[`SitemapGenerator module should run without errors 2`] = `"<?xml version=\\"1.0\\"?><urlset xmlns=\\"http://www.sitemaps.org/schemas/sitemap/0.9\\" xmlns:image=\\"http://www.google.com/schemas/sitemap-image/1.1\\" xmlns:video=\\"http://www.google.com/schemas/sitemap-video/1.1\\"><url><loc>quz</loc></url><url><loc>qaz</loc></url></urlset>"`;

exports[`SitemapGenerator module should run without errors 3`] = `"<?xml version=\\"1.0\\"?><urlset xmlns=\\"http://www.sitemaps.org/schemas/sitemap/0.9\\" xmlns:image=\\"http://www.google.com/schemas/sitemap-image/1.1\\" xmlns:video=\\"http://www.google.com/schemas/sitemap-video/1.1\\"><url><loc>qak</loc></url><url><lastmod>2009-11-05T11:20:30.000Z</lastmod><priority>0.5</priority><changefreq>never</changefreq><loc>one</loc></url></urlset>"`;

exports[`SitemapGenerator module should run without errors 4`] = `"<?xml version=\\"1.0\\"?><urlset xmlns=\\"http://www.sitemaps.org/schemas/sitemap/0.9\\" xmlns:image=\\"http://www.google.com/schemas/sitemap-image/1.1\\" xmlns:video=\\"http://www.google.com/schemas/sitemap-video/1.1\\"><url><loc>two</loc><image:image><image:loc>http://example.com/image.jpg</image:loc><image:caption>an image</image:caption><image:geo_location>Earth, Milkyway</image:geo_location><image:title>Example</image:title><image:license>MIT</image:license></image:image><image:image><image:loc>http://example.com/photo.jpg</image:loc></image:image></url><url><loc>three</loc><video:video><video:thumbnail_loc>http://www.example.com/thumbs/123.jpg</video:thumbnail_loc><video:title>Grilling steaks for summer</video:title><video:description>Alkis shows you how to get perfectly done steaks every time</video:description><video:content_loc>http://www.example.com/video123.mp4</video:content_loc><video:player_loc>http://www.example.com/videoplayer.mp4?video=123</video:player_loc><video:duration>600</video:duration><video:expiration_date>2009-11-05T11:20:30.000Z</video:expiration_date><video:rating>4.2</video:rating><video:view_count>12345</video:view_count><video:publication_date>2007-11-05T11:20:30.000Z</video:publication_date><video:family_friendly>yes</video:family_friendly><video:tag>This</video:tag><video:tag>is</video:tag><video:tag>a</video:tag><video:tag>tag</video:tag><video:restriction relationship=\\"deny\\">GB US</video:restriction><video:gallery_loc>http://bpaul.us</video:gallery_loc><video:price currency=\\"EUR\\">1</video:price><video:price currency=\\"USD\\">2</video:price><video:uploader>Mr Mister</video:uploader><video:requires_subscription>yes</video:requires_subscription><video:live>no</video:live><video:platform relationship=\\"deny\\">tv</video:platform></video:video></url></urlset>"`;

exports[`SitemapGenerator module should run without errors 5`] = `"<?xml version=\\"1.0\\"?><urlset xmlns=\\"http://www.sitemaps.org/schemas/sitemap/0.9\\" xmlns:image=\\"http://www.google.com/schemas/sitemap-image/1.1\\" xmlns:video=\\"http://www.google.com/schemas/sitemap-video/1.1\\"><url><loc>four</loc></url></urlset>"`;
